<html>
<body>
<pre>
<h1>µVision Build Log</h1>
<h2>Tool Versions:</h2>
IDE-Version: µVision V5.36.0.0
Copyright (C) 2021 ARM Ltd and ARM Germany GmbH. All rights reserved.
License Information: Jose Quintans, Alten, LIC=----
 
Tool Versions:
Toolchain:       MDK-Lite  Version: 5.36.0.0
Toolchain Path:  C:\Keil_v5\ARM\ARMCLANG\Bin
C Compiler:      ArmClang.exe V6.16
Assembler:       Armasm.exe V6.16
Linker/Locator:  ArmLink.exe V6.16
Library Manager: ArmAr.exe V6.16
Hex Converter:   FromElf.exe V6.16
CPU DLL:         SARMCM3.DLL V5.36.0.0
Dialog DLL:      DCM.DLL V1.17.3.0
Target DLL:      STLink\ST-LINKIII-KEIL_SWO.dll V3.0.9.0
Dialog DLL:      TCM.DLL V1.53.0.0
 
<h2>Project:</h2>
C:\Users\jose.quintans\ws\Keil\blink1\blink1.uvprojx
Project File Date:  10/28/2021

<h2>Output:</h2>
*** Using Compiler 'V6.16', folder: 'C:\Keil_v5\ARM\ARMCLANG\Bin'
Rebuild target 'Target 1'
main.c(20): warning: 'return' will never be executed [-Wunreachable-code-return]
        return 0;
               ^
main.c(28): warning: unused variable 'ledCount' [-Wunused-variable]
                uint32_t ledCount = LED_GetCount();
                         ^
2 warnings generated.
compiling main.c...
assembling startup_stm32f446xx.s...
C:/Users/jose.quintans/AppData/Local/Arm/Packs/Keil/STM32NUCLEO_BSP/1.8.0/Boards/ST/NUCLEO-F446RE/Common/LED_NUCLEO-F446RE.c(39): warning: no previous extern declaration for non-static variable 'led_mask' [-Wmissing-variable-declarations]
const unsigned long led_mask[] = {1ul << 5};
                    ^
C:/Users/jose.quintans/AppData/Local/Arm/Packs/Keil/STM32NUCLEO_BSP/1.8.0/Boards/ST/NUCLEO-F446RE/Common/LED_NUCLEO-F446RE.c(39): note: declare 'static' if the variable is not intended to be used outside of this translation unit
const unsigned long led_mask[] = {1ul << 5};
      ^
C:/Users/jose.quintans/AppData/Local/Arm/Packs/Keil/STM32NUCLEO_BSP/1.8.0/Boards/ST/NUCLEO-F446RE/Common/LED_NUCLEO-F446RE.c(127): warning: implicit conversion changes signedness: 'int' to 'uint32_t' (aka 'unsigned int') [-Wsign-conversion]
      LED_On (i);
      ~~~~~~  ^
C:/Users/jose.quintans/AppData/Local/Arm/Packs/Keil/STM32NUCLEO_BSP/1.8.0/Boards/ST/NUCLEO-F446RE/Common/LED_NUCLEO-F446RE.c(129): warning: implicit conversion changes signedness: 'int' to 'uint32_t' (aka 'unsigned int') [-Wsign-conversion]
      LED_Off(i);
      ~~~~~~~ ^
3 warnings generated.
compiling LED_NUCLEO-F446RE.c...
compiling system_stm32f4xx.c...
linking...
Program Size: Code=556 RO-data=468 RW-data=0 ZI-data=1632  
".\Objects\blink1.axf" - 0 Error(s), 5 Warning(s).

<h2>Software Packages used:</h2>

Package Vendor: ARM
                http://www.keil.com/pack/ARM.CMSIS.5.8.0.pack
                ARM.CMSIS.5.8.0
                CMSIS (Common Microcontroller Software Interface Standard)
   * Component: CORE Version: 5.5.0

Package Vendor: Keil
                http://www.keil.com/pack/Keil.MDK-Middleware.7.13.0.pack
                Keil.MDK-Middleware.7.13.0
                Middleware for Keil MDK-Professional and MDK-Plus
   * Component: LED Version: 1.0.0

Package Vendor: Keil
                http://www.keil.com/pack/Keil.STM32F4xx_DFP.2.15.0.pack
                Keil.STM32F4xx_DFP.2.15.0
                STMicroelectronics STM32F4 Series Device Support, Drivers and Examples
   * Component: Startup Version: 2.6.3

Package Vendor: Keil
                http://www.keil.com/pack/Keil.STM32NUCLEO_BSP.1.8.0.pack
                Keil.STM32NUCLEO_BSP.1.8.0
                STMicroelectronics Nucleo Boards Support and Examples
   * Component: LED Version: 1.1.0

<h2>Collection of Component include folders:</h2>
  .\RTE\_Target_1
  C:\Users\jose.quintans\AppData\Local\Arm\Packs\ARM\CMSIS\5.8.0\CMSIS\Core\Include
  C:\Users\jose.quintans\AppData\Local\Arm\Packs\Keil\MDK-Middleware\7.13.0\Board
  C:\Users\jose.quintans\AppData\Local\Arm\Packs\Keil\STM32F4xx_DFP\2.15.0\Drivers\CMSIS\Device\ST\STM32F4xx\Include

<h2>Collection of Component Files used:</h2>

   * Component: ::Board Support:LED:1.0.0 (API)
      Include file:  Board\Board_LED.h

   * Component: ARM::CMSIS:CORE:5.5.0

   * Component: Keil.NUCLEO-F446RE::Board Support:LED:1.1.0
      Source file:   Boards\ST\NUCLEO-F446RE\Common\LED_NUCLEO-F446RE.c

   * Component: Keil::Device:Startup:2.6.3
      Include file:  Drivers\CMSIS\Device\ST\STM32F4xx\Include\stm32f4xx.h
      Source file:   MDK\Device\Source\ARM\STM32F446xx_OPT.s
      Source file:   MDK\Device\Source\ARM\STM32F4xx_OTP.s
      Source file:   Drivers\CMSIS\Device\ST\STM32F4xx\Source\Templates\arm\startup_stm32f446xx.s
      Source file:   Drivers\CMSIS\Device\ST\STM32F4xx\Source\Templates\system_stm32f4xx.c
Build Time Elapsed:  00:00:00
</pre>
</body>
</html>
